adil@adil-Lenovo-IdeaPad-S145-15IWL:~$ pip3 install django~=2.2
Collecting django~=2.2
  Downloading https://files.pythonhosted.org/packages/06/30/3b7e846c1a2f5435f52c408442e09c0c35ca6fa1c4abbad0ccf4d42fb172/Django-2.2.16-py3-none-any.whl (7.5MB)
    100% |████████████████████████████████| 7.5MB 195kB/s 
Collecting pytz (from django~=2.2)
  Downloading https://files.pythonhosted.org/packages/4f/a4/879454d49688e2fad93e59d7d4efda580b783c745fd2ec2a3adf87b0808d/pytz-2020.1-py2.py3-none-any.whl (510kB)
    100% |████████████████████████████████| 512kB 834kB/s 
Collecting sqlparse>=0.2.2 (from django~=2.2)
  Downloading https://files.pythonhosted.org/packages/85/ee/6e821932f413a5c4b76be9c5936e313e4fc626b33f16e027866e1d60f588/sqlparse-0.3.1-py2.py3-none-any.whl (40kB)
    100% |████████████████████████████████| 40kB 4.9MB/s 
Installing collected packages: pytz, sqlparse, django
Successfully installed django-2.2.16 pytz-2020.1 sqlparse-0.3.1
adil@adil-Lenovo-IdeaPad-S145-15IWL:~$ python3 -m django --version
2.2.16
adil@adil-Lenovo-IdeaPad-S145-15IWL:~$ mkdir django_test
adil@adil-Lenovo-IdeaPad-S145-15IWL:~$ cd django_test
adil@adil-Lenovo-IdeaPad-S145-15IWL:~/django_test$ django-admin startproject myproject

Command 'django-admin' not found, but can be installed with:

sudo apt install python-django-common

adil@adil-Lenovo-IdeaPad-S145-15IWL:~/django_test$ django-admin startproject mytestsite

Command 'django-admin' not found, but can be installed with:

sudo apt install python-django-common

adil@adil-Lenovo-IdeaPad-S145-15IWL:~/django_test$ cd mytestsite
bash: cd: mytestsite: Нет такого файла или каталога
adil@adil-Lenovo-IdeaPad-S145-15IWL:~/django_test$ django-admin startproject

Command 'django-admin' not found, but can be installed with:

sudo apt install python-django-common

adil@adil-Lenovo-IdeaPad-S145-15IWL:~/django_test$ cd django_test
bash: cd: django_test: Нет такого файла или каталога
adil@adil-Lenovo-IdeaPad-S145-15IWL:~/django_test$ mkdir django_test
adil@adil-Lenovo-IdeaPad-S145-15IWL:~/django_test$ cd django_test
adil@adil-Lenovo-IdeaPad-S145-15IWL:~/django_test/django_test$ django-admin startproject mytestsite

Command 'django-admin' not found, but can be installed with:

sudo apt install python-django-common

adil@adil-Lenovo-IdeaPad-S145-15IWL:~/django_test/django_test$ 
adil@adil-Lenovo-IdeaPad-S145-15IWL:~/django_test/django_test$ sudo apt install python-django-common
[sudo] пароль для adil: 
Чтение списков пакетов… Готово
Построение дерева зависимостей       
Чтение информации о состоянии… Готово
Следующие пакеты устанавливались автоматически и больше не требуются:
  fonts-liberation2 fonts-opensymbol gir1.2-gst-plugins-base-1.0
  gir1.2-gstreamer-1.0 gir1.2-gudev-1.0 gir1.2-udisks-2.0
  grilo-plugins-0.3-base gstreamer1.0-gtk3 libboost-date-time1.65.1
  libboost-filesystem1.65.1 libboost-iostreams1.65.1 libboost-locale1.65.1
  libcdr-0.1-1 libclucene-contribs1v5 libclucene-core1v5 libcmis-0.5-5v5
  libcolamd2 libdazzle-1.0-0 libe-book-0.1-1 libedataserverui-1.2-2 libeot0
  libepubgen-0.1-1 libetonyek-0.1-1 libevent-2.1-6 libexiv2-14
  libfreerdp-client2-2 libfreerdp2-2 libgc1c2 libgee-0.8-2 libgexiv2-2
  libgom-1.0-0 libgpgmepp6 libgpod-common libgpod4 liblangtag-common
  liblangtag1 liblirc-client0 liblua5.3-0 libmediaart-2.0-0 libmspub-0.1-1
  libodfgen-0.1-1 libqqwing2v5 libraw16 librevenge-0.0-0 libsgutils2-2
  libssh-4 libsuitesparseconfig5 libvncclient1 libwinpr2-2 libxapian30
  libxmlsec1 libxmlsec1-nss lp-solve media-player-info python3-mako
  python3-markupsafe syslinux-legacy usb-creator-common
Для их удаления используйте «sudo apt autoremove».
Будут установлены следующие дополнительные пакеты:
  javascript-common libjs-jquery
Предлагаемые пакеты:
  apache2 | lighttpd | httpd
Следующие НОВЫЕ пакеты будут установлены:
  javascript-common libjs-jquery python-django-common
Обновлено 0 пакетов, установлено 3 новых пакетов, для удаления отмечено 0 пакетов, и 91 пакетов не обновлено.
Необходимо скачать 1 680 kB архивов.
После данной операции объём занятого дискового пространства возрастёт на 17,2 MB.
Хотите продолжить? [Д/н] 
Пол:1 http://ru.archive.ubuntu.com/ubuntu bionic/main amd64 javascript-common all 11 [6 066 B]
Пол:2 http://ru.archive.ubuntu.com/ubuntu bionic/main amd64 libjs-jquery all 3.2.1-1 [152 kB]
Пол:3 http://ru.archive.ubuntu.com/ubuntu bionic-updates/main amd64 python-django-common all 1:1.11.11-1ubuntu1.9 [1 522 kB]
Получено 1 680 kB за 4с (476 kB/s)                    
Выбор ранее не выбранного пакета javascript-common.
(Чтение базы данных … на данный момент установлен 122331 файл и каталог.)
Подготовка к распаковке …/javascript-common_11_all.deb …
Распаковывается javascript-common (11) …
Выбор ранее не выбранного пакета libjs-jquery.
Подготовка к распаковке …/libjs-jquery_3.2.1-1_all.deb …
Распаковывается libjs-jquery (3.2.1-1) …
Выбор ранее не выбранного пакета python-django-common.
Подготовка к распаковке …/python-django-common_1%3a1.11.11-1ubuntu1.9_all.deb …
Распаковывается python-django-common (1:1.11.11-1ubuntu1.9) …
Настраивается пакет libjs-jquery (3.2.1-1) …
Настраивается пакет javascript-common (11) …
Настраивается пакет python-django-common (1:1.11.11-1ubuntu1.9) …
Обрабатываются триггеры для man-db (2.8.3-2ubuntu0.1) …
adil@adil-Lenovo-IdeaPad-S145-15IWL:~/django_test/django_test$ django-admin startproject mytestsite
Cannot find installed version of python-django or python3-django.
adil@adil-Lenovo-IdeaPad-S145-15IWL:~/django_test/django_test$ mkdir django_testadil@adil-Lenovo-IdeaPad-S145-15IWL:~/django_test/django_test$ cd django_test
adil@adil-Lenovo-IdeaPad-S145-15IWL:~/django_test/django_test/django_test$ django-admin startproject mytestsite
Cannot find installed version of python-django or python3-django.
adil@adil-Lenovo-IdeaPad-S145-15IWL:~/django_test/django_test/django_test$ sudo pip3 install virtualenvwrapper
The directory '/home/adil/.cache/pip/http' or its parent directory is not owned by the current user and the cache has been disabled. Please check the permissions and owner of that directory. If executing pip with sudo, you may want sudo's -H flag.
The directory '/home/adil/.cache/pip' or its parent directory is not owned by the current user and caching wheels has been disabled. check the permissions and owner of that directory. If executing pip with sudo, you may want sudo's -H flag.
Requirement already satisfied: virtualenvwrapper in /usr/local/lib/python3.6/dist-packages
Requirement already satisfied: stevedore in /usr/local/lib/python3.6/dist-packages (from virtualenvwrapper)
Requirement already satisfied: virtualenv in /usr/local/lib/python3.6/dist-packages (from virtualenvwrapper)
Requirement already satisfied: virtualenv-clone in /usr/local/lib/python3.6/dist-packages (from virtualenvwrapper)
Requirement already satisfied: importlib-metadata>=1.7.0; python_version < "3.8" in /usr/local/lib/python3.6/dist-packages (from stevedore->virtualenvwrapper)
Requirement already satisfied: pbr!=2.1.0,>=2.0.0 in /usr/local/lib/python3.6/dist-packages (from stevedore->virtualenvwrapper)
Requirement already satisfied: appdirs<2,>=1.4.3 in /usr/local/lib/python3.6/dist-packages (from virtualenv->virtualenvwrapper)
Requirement already satisfied: six<2,>=1.9.0 in /usr/lib/python3/dist-packages (from virtualenv->virtualenvwrapper)
Requirement already satisfied: importlib-resources>=1.0; python_version < "3.7" in /usr/local/lib/python3.6/dist-packages (from virtualenv->virtualenvwrapper)
Requirement already satisfied: distlib<1,>=0.3.1 in /usr/local/lib/python3.6/dist-packages (from virtualenv->virtualenvwrapper)
Requirement already satisfied: filelock<4,>=3.0.0 in /usr/local/lib/python3.6/dist-packages (from virtualenv->virtualenvwrapper)
Requirement already satisfied: zipp>=0.5 in /usr/local/lib/python3.6/dist-packages (from importlib-metadata>=1.7.0; python_version < "3.8"->stevedore->virtualenvwrapper)
adil@adil-Lenovo-IdeaPad-S145-15IWL:~/django_test/django_test/django_test$ export WORKON_HOME=$HOME/.virtualenvs
adil@adil-Lenovo-IdeaPad-S145-15IWL:~/django_test/django_test/django_test$ export VIRTUALENVWRAPPER_PYTHON=/usr/bin/python3
adil@adil-Lenovo-IdeaPad-S145-15IWL:~/django_test/django_test/django_test$ export VIRTUALENVWRAPPER_VIRTUALENV_ARGS=' -p /usr/bin/python3 '
adil@adil-Lenovo-IdeaPad-S145-15IWL:~/django_test/django_test/django_test$ export PROJECT_HOME=$HOME/Devel
adil@adil-Lenovo-IdeaPad-S145-15IWL:~/django_test/django_test/django_test$ source /usr/local/bin/virtualenvwrapper.sh
adil@adil-Lenovo-IdeaPad-S145-15IWL:~/django_test/django_test/django_test$ source ~/.bashrc
adil@adil-Lenovo-IdeaPad-S145-15IWL:~/django_test/django_test/django_test$ mkvirtualenv
usage: virtualenv [--version] [--with-traceback] [-v | -q] [--app-data APP_DATA] [--reset-app-data] [--upgrade-embed-wheels] [--discovery {builtin}] [-p py] [--creator {builtin,cpython3-posix,venv}] [--seeder {app-data,pip}] [--no-seed]
                  [--activators comma_sep_list] [--clear] [--system-site-packages] [--symlinks | --copies] [--no-download | --download] [--extra-search-dir d [d ...]] [--pip version] [--setuptools version] [--wheel version] [--no-pip]
                  [--no-setuptools] [--no-wheel] [--no-periodic-update] [--symlink-app-data] [--prompt prompt] [-h]
                  dest
virtualenv: error: the following arguments are required: dest
SystemExit: 2
adil@adil-Lenovo-IdeaPad-S145-15IWL:~/django_test/django_test/django_test$ virtualenv your_virtualenv_name
created virtual environment CPython3.6.9.final.0-64 in 122ms
  creator CPython3Posix(dest=/home/adil/django_test/django_test/django_test/your_virtualenv_name, clear=False, global=False)
  seeder FromAppData(download=False, pip=bundle, setuptools=bundle, wheel=bundle, via=copy, app_data_dir=/home/adil/.local/share/virtualenv)
    added seed packages: pip==20.2.2, setuptools==49.6.0, wheel==0.35.1
  activators BashActivator,CShellActivator,FishActivator,PowerShellActivator,PythonActivator,XonshActivator
adil@adil-Lenovo-IdeaPad-S145-15IWL:~/django_test/django_test/django_test$ pip3 install django~=2.2
Collecting django~=2.2
  Using cached https://files.pythonhosted.org/packages/06/30/3b7e846c1a2f5435f52c408442e09c0c35ca6fa1c4abbad0ccf4d42fb172/Django-2.2.16-py3-none-any.whl
Collecting sqlparse>=0.2.2 (from django~=2.2)
  Using cached https://files.pythonhosted.org/packages/85/ee/6e821932f413a5c4b76be9c5936e313e4fc626b33f16e027866e1d60f588/sqlparse-0.3.1-py2.py3-none-any.whl
Collecting pytz (from django~=2.2)
  Using cached https://files.pythonhosted.org/packages/4f/a4/879454d49688e2fad93e59d7d4efda580b783c745fd2ec2a3adf87b0808d/pytz-2020.1-py2.py3-none-any.whl
Installing collected packages: sqlparse, pytz, django
Successfully installed django-2.2.16 pytz-2020.1 sqlparse-0.3.1
adil@adil-Lenovo-IdeaPad-S145-15IWL:~/django_test/django_test/django_test$ python3 -m django --version
2.2.16
adil@adil-Lenovo-IdeaPad-S145-15IWL:~/django_test/django_test/django_test$ mkdir django_test
adil@adil-Lenovo-IdeaPad-S145-15IWL:~/django_test/django_test/django_test$ cd django_test
adil@adil-Lenovo-IdeaPad-S145-15IWL:~/django_test/django_test/django_test/django_test$ django-admin startproject mytestsite
Cannot find installed version of python-django or python3-django.
adil@adil-Lenovo-IdeaPad-S145-15IWL:~/django_test/django_test/django_test/django_test$ sudo apt-get install python-django
Чтение списков пакетов… Готово
Построение дерева зависимостей       
Чтение информации о состоянии… Готово
Следующие пакеты устанавливались автоматически и больше не требуются:
  fonts-liberation2 fonts-opensymbol gir1.2-gst-plugins-base-1.0
  gir1.2-gstreamer-1.0 gir1.2-gudev-1.0 gir1.2-udisks-2.0
  grilo-plugins-0.3-base gstreamer1.0-gtk3 libboost-date-time1.65.1
  libboost-filesystem1.65.1 libboost-iostreams1.65.1 libboost-locale1.65.1
  libcdr-0.1-1 libclucene-contribs1v5 libclucene-core1v5 libcmis-0.5-5v5
  libcolamd2 libdazzle-1.0-0 libe-book-0.1-1 libedataserverui-1.2-2 libeot0
  libepubgen-0.1-1 libetonyek-0.1-1 libevent-2.1-6 libexiv2-14
  libfreerdp-client2-2 libfreerdp2-2 libgc1c2 libgee-0.8-2 libgexiv2-2
  libgom-1.0-0 libgpgmepp6 libgpod-common libgpod4 liblangtag-common
  liblangtag1 liblirc-client0 liblua5.3-0 libmediaart-2.0-0 libmspub-0.1-1
  libodfgen-0.1-1 libqqwing2v5 libraw16 librevenge-0.0-0 libsgutils2-2
  libssh-4 libsuitesparseconfig5 libvncclient1 libwinpr2-2 libxapian30
  libxmlsec1 libxmlsec1-nss lp-solve media-player-info python3-mako
  python3-markupsafe syslinux-legacy usb-creator-common
Для их удаления используйте «sudo apt autoremove».
Будут установлены следующие дополнительные пакеты:
  libpython-stdlib python python-minimal python-sqlparse python-tz python2.7
  python2.7-minimal
Предлагаемые пакеты:
  python-doc python-tk bpython geoip-database-extra | geoip-database-contrib
  ipython libgdal1 python-bcrypt python-django-doc python-flup python-memcache
  python-pil python-psycopg2 python-pymysql python-sqlite python-yaml
  python-sqlparse-doc python2.7-doc binfmt-support
Следующие НОВЫЕ пакеты будут установлены:
  libpython-stdlib python python-django python-minimal python-sqlparse
  python-tz python2.7 python2.7-minimal
Обновлено 0 пакетов, установлено 8 новых пакетов, для удаления отмечено 0 пакетов, и 91 пакетов не обновлено.
Необходимо скачать 2 685 kB архивов.
После данной операции объём занятого дискового пространства возрастёт на 15,2 MB.
Хотите продолжить? [Д/н] 
Пол:1 http://ru.archive.ubuntu.com/ubuntu bionic-updates/main amd64 python2.7-minimal amd64 2.7.17-1~18.04ubuntu1.1 [1 303 kB]
Пол:2 http://ru.archive.ubuntu.com/ubuntu bionic/main amd64 python-minimal amd64 2.7.15~rc1-1 [28,1 kB]
Пол:3 http://ru.archive.ubuntu.com/ubuntu bionic-updates/main amd64 python2.7 amd64 2.7.17-1~18.04ubuntu1.1 [248 kB]
Пол:4 http://ru.archive.ubuntu.com/ubuntu bionic/main amd64 libpython-stdlib amd64 2.7.15~rc1-1 [7 620 B]
Пол:5 http://ru.archive.ubuntu.com/ubuntu bionic/main amd64 python amd64 2.7.15~rc1-1 [140 kB]
Пол:6 http://ru.archive.ubuntu.com/ubuntu bionic/main amd64 python-tz all 2018.3-2 [31,6 kB]
Пол:7 http://ru.archive.ubuntu.com/ubuntu bionic-updates/main amd64 python-django all 1:1.11.11-1ubuntu1.9 [899 kB]
Пол:8 http://ru.archive.ubuntu.com/ubuntu bionic/main amd64 python-sqlparse all 0.2.4-0.1 [28,0 kB]
Получено 2 685 kB за 4с (606 kB/s)          
Выбор ранее не выбранного пакета python2.7-minimal.
(Чтение базы данных … на данный момент установлено 126875 файлов и каталогов.)
Подготовка к распаковке …/python2.7-minimal_2.7.17-1~18.04ubuntu1.1_amd64.deb …
Распаковывается python2.7-minimal (2.7.17-1~18.04ubuntu1.1) …
Выбор ранее не выбранного пакета python-minimal.
Подготовка к распаковке …/python-minimal_2.7.15~rc1-1_amd64.deb …
Распаковывается python-minimal (2.7.15~rc1-1) …
Выбор ранее не выбранного пакета python2.7.
Подготовка к распаковке …/python2.7_2.7.17-1~18.04ubuntu1.1_amd64.deb …
Распаковывается python2.7 (2.7.17-1~18.04ubuntu1.1) …
Выбор ранее не выбранного пакета libpython-stdlib:amd64.
Подготовка к распаковке …/libpython-stdlib_2.7.15~rc1-1_amd64.deb …
Распаковывается libpython-stdlib:amd64 (2.7.15~rc1-1) …
Настраивается пакет python2.7-minimal (2.7.17-1~18.04ubuntu1.1) …
Linking and byte-compiling packages for runtime python2.7...
Настраивается пакет python-minimal (2.7.15~rc1-1) …
Выбор ранее не выбранного пакета python.
(Чтение базы данных … на данный момент установлено 126932 файла и каталога.)
Подготовка к распаковке …/python_2.7.15~rc1-1_amd64.deb …
Распаковывается python (2.7.15~rc1-1) …
Выбор ранее не выбранного пакета python-tz.
Подготовка к распаковке …/python-tz_2018.3-2_all.deb …
Распаковывается python-tz (2018.3-2) …
Выбор ранее не выбранного пакета python-django.
Подготовка к распаковке …/python-django_1%3a1.11.11-1ubuntu1.9_all.deb …
Распаковывается python-django (1:1.11.11-1ubuntu1.9) …
Выбор ранее не выбранного пакета python-sqlparse.
Подготовка к распаковке …/python-sqlparse_0.2.4-0.1_all.deb …
Распаковывается python-sqlparse (0.2.4-0.1) …
Настраивается пакет python2.7 (2.7.17-1~18.04ubuntu1.1) …
Настраивается пакет libpython-stdlib:amd64 (2.7.15~rc1-1) …
Настраивается пакет python (2.7.15~rc1-1) …
Настраивается пакет python-sqlparse (0.2.4-0.1) …
Настраивается пакет python-tz (2018.3-2) …
Настраивается пакет python-django (1:1.11.11-1ubuntu1.9) …
Обрабатываются триггеры для mime-support (3.60ubuntu1) …
Обрабатываются триггеры для desktop-file-utils (0.23-1ubuntu3.18.04.2) …
Обрабатываются триггеры для man-db (2.8.3-2ubuntu0.1) …
Обрабатываются триггеры для gnome-menus (3.13.3-11ubuntu1.1) …
adil@adil-Lenovo-IdeaPad-S145-15IWL:~/django_test/django_test/django_test/django_test$ django-admin startproject mytestsite
adil@adil-Lenovo-IdeaPad-S145-15IWL:~/django_test/django_test/django_test/django_test$ cd mytestsite
adil@adil-Lenovo-IdeaPad-S145-15IWL:~/django_test/django_test/django_test/django_test/mytestsite$ $ python3 manage.py runserver 
$: команда не найдена
adil@adil-Lenovo-IdeaPad-S145-15IWL:~/django_test/django_test/django_test/django_test/mytestsite$ python3 manage.py runserver
Watching for file changes with StatReloader
Performing system checks...

System check identified no issues (0 silenced).

You have 17 unapplied migration(s). Your project may not work properly until you apply the migrations for app(s): admin, auth, contenttypes, sessions.
Run 'python manage.py migrate' to apply them.

September 22, 2020 - 17:52:17
Django version 2.2.16, using settings 'mytestsite.settings'
Starting development server at http://127.0.0.1:8000/
Quit the server with CONTROL-C.
[22/Sep/2020 17:52:56] "GET / HTTP/1.1" 200 16348
[22/Sep/2020 17:52:57] "GET /static/admin/css/fonts.css HTTP/1.1" 200 423
Not Found: /favicon.ico
[22/Sep/2020 17:52:57] "GET /favicon.ico HTTP/1.1" 404 1977
[22/Sep/2020 17:52:57] "GET /static/admin/fonts/Roboto-Bold-webfont.woff HTTP/1.1" 200 86184
[22/Sep/2020 17:52:57] "GET /static/admin/fonts/Roboto-Regular-webfont.woff HTTP/1.1" 200 85876
[22/Sep/2020 17:52:57] "GET /static/admin/fonts/Roboto-Light-webfont.woff HTTP/1.1" 200 85692
